  [1/133] 7.1            compile=TIMEOUT            verify=NOT_RUN_COMPILE_FAILED pkg=incomplete committed=$0.0198
  [2/133] 7.1(a)         compile=TIMEOUT            verify=NOT_RUN_COMPILE_FAILED pkg=incomplete committed=$0.0393
  [3/133] 7.1(b)         compile=TIMEOUT            verify=NOT_RUN_COMPILE_FAILED pkg=incomplete committed=$0.0587
  [4/133] 7.1(c)         compile=COMPLETED          verify=COMPLETED              pkg=complete committed=$0.0662
  [5/133] 7.1(d)         compile=TIMEOUT            verify=NOT_RUN_COMPILE_FAILED pkg=incomplete committed=$0.0857
  [6/133] 7.10           compile=TIMEOUT            verify=NOT_RUN_COMPILE_FAILED pkg=incomplete committed=$0.1051
  [7/133] 7.10(a)        compile=TIMEOUT            verify=NOT_RUN_COMPILE_FAILED pkg=incomplete committed=$0.1245
  [8/133] 7.10(b)        compile=TIMEOUT            verify=NOT_RUN_COMPILE_FAILED pkg=incomplete committed=$0.1439
  [9/133] 7.11           compile=COMPLETED          verify=COMPLETED              pkg=complete committed=$0.1563
  [10/133] 7.13           compile=TIMEOUT            verify=NOT_RUN_COMPILE_FAILED pkg=incomplete committed=$0.1757
  [11/133] 7.13(a)        compile=TIMEOUT            verify=NOT_RUN_COMPILE_FAILED pkg=incomplete committed=$0.1951
  [12/133] 7.14           compile=TIMEOUT            verify=NOT_RUN_COMPILE_FAILED pkg=incomplete committed=$0.2145
  [13/133] 7.14(a)        compile=TIMEOUT            verify=NOT_RUN_COMPILE_FAILED pkg=incomplete committed=$0.2339
  [14/133] 7.15           compile=COMPLETED          verify=COMPLETED              pkg=complete committed=$0.2484
  [15/133] 7.16           compile=TIMEOUT            verify=NOT_RUN_COMPILE_FAILED pkg=incomplete committed=$0.2678
  [16/133] 7.16(a)        compile=COMPLETED          verify=COMPLETED              pkg=incomplete committed=$0.2822
  [17/133] 7.17           compile=TIMEOUT            verify=NOT_RUN_COMPILE_FAILED pkg=incomplete committed=$0.3016
  [18/133] 7.17(a)        compile=COMPLETED          verify=COMPLETED              pkg=complete committed=$0.3109
  [19/133] 7.17(b)(i)     compile=TIMEOUT            verify=NOT_RUN_COMPILE_FAILED pkg=incomplete committed=$0.3303
  [20/133] 7.2            compile=TIMEOUT            verify=NOT_RUN_COMPILE_FAILED pkg=incomplete committed=$0.3498
  [21/133] 7.2(a)         compile=COMPLETED          verify=COMPLETED              pkg=complete committed=$0.3630
  [22/133] 7.2(b)         compile=COMPLETED          verify=COMPLETED              pkg=complete committed=$0.3790
  [23/133] 7.2(c)         compile=TIMEOUT            verify=NOT_RUN_COMPILE_FAILED pkg=incomplete committed=$0.3984
  [24/133] 7.2(d)         compile=COMPLETED          verify=COMPLETED              pkg=complete committed=$0.4109
  [25/133] 7.2(e)         compile=COMPLETED          verify=COMPLETED              pkg=complete committed=$0.4238
  [26/133] 7.2(f)         compile=TIMEOUT            verify=NOT_RUN_COMPILE_FAILED pkg=incomplete committed=$0.4432
  [27/133] 7.2(g)         compile=COMPLETED          verify=COMPLETED              pkg=complete committed=$0.4537
  [28/133] 7.2(h)         compile=COMPLETED          verify=COMPLETED              pkg=complete committed=$0.4694
  [29/133] 7.2(i)         compile=OTHER_EXECUTION_FAILURE verify=NOT_RUN_COMPILE_FAILED pkg=incomplete committed=$0.4735
  [30/133] 7.2(j)         compile=COMPLETED          verify=COMPLETED              pkg=complete committed=$0.4861
  [31/133] 7.2(k)         compile=TIMEOUT            verify=NOT_RUN_COMPILE_FAILED pkg=incomplete committed=$0.5055
  [32/133] 7.2(k)(i)      compile=COMPLETED          verify=COMPLETED              pkg=complete committed=$0.5136
  [33/133] 7.2(k)(ii)     compile=TIMEOUT            verify=NOT_RUN_COMPILE_FAILED pkg=incomplete committed=$0.5330
  [34/133] 7.2(l)(i)      compile=TIMEOUT            verify=NOT_RUN_COMPILE_FAILED pkg=incomplete committed=$0.5524
  [35/133] 7.2(l)(ii)     compile=TIMEOUT            verify=NOT_RUN_COMPILE_FAILED pkg=incomplete committed=$0.5718
  [36/133] 7.2(m)         compile=COMPLETED          verify=COMPLETED              pkg=complete committed=$0.5800
  [37/133] 7.2(n)(i)      compile=TIMEOUT            verify=NOT_RUN_COMPILE_FAILED pkg=incomplete committed=$0.5994
  [38/133] 7.2(n)(ii)     compile=TIMEOUT            verify=NOT_RUN_COMPILE_FAILED pkg=incomplete committed=$0.6189
  [39/133] 7.2(o)         compile=COMPLETED          verify=COMPLETED              pkg=complete committed=$0.6316
  [40/133] 7.2(p)(i)      compile=COMPLETED          verify=COMPLETED              pkg=complete committed=$0.6528
  [41/133] 7.2(r)         compile=OTHER_EXECUTION_FAILURE verify=NOT_RUN_COMPILE_FAILED pkg=incomplete committed=$0.6608
  [42/133] 7.2(s)         compile=TIMEOUT            verify=NOT_RUN_COMPILE_FAILED pkg=incomplete committed=$0.6802
  [43/133] 7.2(s)(i)      compile=TIMEOUT            verify=NOT_RUN_COMPILE_FAILED pkg=incomplete committed=$0.6997
  [44/133] 7.3            compile=TIMEOUT            verify=NOT_RUN_COMPILE_FAILED pkg=incomplete committed=$0.7191
  [45/133] 7.3(a)         compile=COMPLETED          verify=COMPLETED              pkg=complete committed=$0.7378
  [46/133] 7.3(b)         compile=TIMEOUT            verify=NOT_RUN_COMPILE_FAILED pkg=incomplete committed=$0.7572
  [47/133] 7.3(c)         compile=COMPLETED          verify=COMPLETED              pkg=complete committed=$0.7622
  [48/133] 7.3(d)         compile=OTHER_EXECUTION_FAILURE verify=NOT_RUN_COMPILE_FAILED pkg=incomplete committed=$0.7676
  [49/133] 7.3(e)         compile=COMPLETED          verify=COMPLETED              pkg=complete committed=$0.7840
  [50/133] 7.3(f)         compile=TIMEOUT            verify=NOT_RUN_COMPILE_FAILED pkg=incomplete committed=$0.8034
  [51/133] 7.3(g)         compile=TIMEOUT            verify=NOT_RUN_COMPILE_FAILED pkg=incomplete committed=$0.8229
  [52/133] 7.3(g)(i)      compile=COMPLETED          verify=COMPLETED              pkg=complete committed=$0.8403
  [53/133] 7.3(g)(ii)     compile=TIMEOUT            verify=NOT_RUN_COMPILE_FAILED pkg=incomplete committed=$0.8597
  [54/133] 7.3(g)(ii)(A)  compile=COMPLETED          verify=COMPLETED              pkg=complete committed=$0.8706
  [55/133] 7.3(g)(ii)(B)  compile=COMPLETED          verify=COMPLETED              pkg=complete committed=$0.8818
  [56/133] 7.3(h)         compile=COMPLETED          verify=COMPLETED              pkg=complete committed=$0.8918
  [57/133] 7.3(i)         compile=COMPLETED          verify=COMPLETED              pkg=complete committed=$0.9079
  [58/133] 7.3(j)         compile=COMPLETED          verify=COMPLETED              pkg=complete committed=$0.9146
  [59/133] 7.3(k)         compile=COMPLETED          verify=COMPLETED              pkg=complete committed=$0.9204
  [60/133] 7.3(l)         compile=TIMEOUT            verify=NOT_RUN_COMPILE_FAILED pkg=incomplete committed=$0.9398
  [61/133] 7.3(l)(i)      compile=TIMEOUT            verify=NOT_RUN_COMPILE_FAILED pkg=incomplete committed=$0.9592
  [62/133] 7.3(m)         compile=TIMEOUT            verify=NOT_RUN_COMPILE_FAILED pkg=incomplete committed=$0.9787
  [63/133] 7.3(m)(i)      compile=COMPLETED          verify=COMPLETED              pkg=complete committed=$0.9905
  [64/133] 7.3(m)(ii)     compile=COMPLETED          verify=COMPLETED              pkg=complete committed=$1.0059
  [65/133] 7.3(m)(ii)(A)  compile=COMPLETED          verify=COMPLETED              pkg=complete committed=$1.0179
  [66/133] 7.3(m)(ii)(B)  compile=COMPLETED          verify=COMPLETED              pkg=complete committed=$1.0328
  [67/133] 7.3(n)         compile=TIMEOUT            verify=NOT_RUN_COMPILE_FAILED pkg=incomplete committed=$1.0523
  [68/133] 7.3(o)         compile=TIMEOUT            verify=NOT_RUN_COMPILE_FAILED pkg=incomplete committed=$1.0717
  [69/133] 7.3(p)         compile=TIMEOUT            verify=NOT_RUN_COMPILE_FAILED pkg=incomplete committed=$1.0911
  [70/133] 7.4            compile=TIMEOUT            verify=NOT_RUN_COMPILE_FAILED pkg=incomplete committed=$1.1105
  [71/133] 7.4(a)(i)      compile=TIMEOUT            verify=NOT_RUN_COMPILE_FAILED pkg=incomplete committed=$1.1299
  [72/133] 7.4(a)(ii)     compile=TIMEOUT            verify=NOT_RUN_COMPILE_FAILED pkg=incomplete committed=$1.1494
  [73/133] 7.4(b)(i)      compile=TIMEOUT            verify=NOT_RUN_COMPILE_FAILED pkg=incomplete committed=$1.1688
  [74/133] 7.4(b)(ii)     compile=COMPLETED          verify=COMPLETED              pkg=complete committed=$1.1858
  [75/133] 7.4(c)         compile=TIMEOUT            verify=NOT_RUN_COMPILE_FAILED pkg=incomplete committed=$1.2052
  [76/133] 7.4(c)(1)      compile=COMPLETED          verify=COMPLETED              pkg=complete committed=$1.2223
  [77/133] 7.4(d)         compile=TIMEOUT            verify=NOT_RUN_COMPILE_FAILED pkg=incomplete committed=$1.2418
  [78/133] 7.5            compile=TIMEOUT            verify=NOT_RUN_COMPILE_FAILED pkg=incomplete committed=$1.2612
  [79/133] 7.5(a)         compile=COMPLETED          verify=COMPLETED              pkg=complete committed=$1.2695
  [80/133] 7.5(b)         compile=COMPLETED          verify=COMPLETED              pkg=complete committed=$1.2864
  [81/133] 7.5(c)         compile=TIMEOUT            verify=NOT_RUN_COMPILE_FAILED pkg=incomplete committed=$1.3059
  [82/133] 7.5(d)(i)      compile=COMPLETED          verify=COMPLETED              pkg=complete committed=$1.3194
  [83/133] 7.5(e)         compile=TIMEOUT            verify=NOT_RUN_COMPILE_FAILED pkg=incomplete committed=$1.3388
  [84/133] 7.5(f)         compile=TIMEOUT            verify=NOT_RUN_COMPILE_FAILED pkg=incomplete committed=$1.3582
  [85/133] 7.5(f)(i)      compile=TIMEOUT            verify=NOT_RUN_COMPILE_FAILED pkg=incomplete committed=$1.3777
  [86/133] 7.5(f)(ii)     compile=TIMEOUT            verify=NOT_RUN_COMPILE_FAILED pkg=incomplete committed=$1.3971
  [87/133] 7.5(g)         compile=COMPLETED          verify=COMPLETED              pkg=complete committed=$1.4871
  [88/133] 7.5(h)         compile=COMPLETED          verify=COMPLETED              pkg=complete committed=$1.5759
  [89/133] 7.5(i)         compile=COMPLETED          verify=COMPLETED              pkg=complete committed=$1.5805
  [90/133] 7.5(j)         compile=SCHEMA_FAILURE     verify=NOT_RUN_COMPILE_FAILED pkg=incomplete committed=$1.5864
  [91/133] 7.5(k)         compile=COMPLETED          verify=COMPLETED              pkg=complete committed=$1.5902
  [92/133] 7.5(l)         compile=COMPLETED          verify=COMPLETED              pkg=complete committed=$1.5941
  [93/133] 7.5(m)         compile=COMPLETED          verify=COMPLETED              pkg=complete committed=$1.5995
  [94/133] 7.5(n)         compile=COMPLETED          verify=COMPLETED              pkg=complete committed=$1.6087
  [95/133] 7.6            compile=SCHEMA_FAILURE     verify=NOT_RUN_COMPILE_FAILED pkg=incomplete committed=$1.6140
  [96/133] 7.6(a)(i)      compile=COMPLETED          verify=COMPLETED              pkg=complete committed=$1.6201
  [97/133] 7.6(a)(ii)     compile=COMPLETED          verify=COMPLETED              pkg=complete committed=$1.6243
  [98/133] 7.6(b)         compile=COMPLETED          verify=COMPLETED              pkg=incomplete committed=$1.6281
  [99/133] 7.6(b)(i)      compile=COMPLETED          verify=COMPLETED              pkg=complete committed=$1.6401
  [100/133] 7.6(b)(ii)     compile=COMPLETED          verify=COMPLETED              pkg=complete committed=$1.6446
  [101/133] 7.6(c)         compile=COMPLETED          verify=COMPLETED              pkg=complete committed=$1.6495
  [102/133] 7.6(d)         compile=COMPLETED          verify=COMPLETED              pkg=complete committed=$1.6539
  [103/133] 7.6(e)(i)      compile=COMPLETED          verify=COMPLETED              pkg=complete committed=$1.6593
  [104/133] 7.6(e)(ii)     compile=COMPLETED          verify=COMPLETED              pkg=complete committed=$1.6640
